INFO         | Android emulator version 37.1.11.0 (build_id 15917651) (CL:N/A)
INFO         | Graphics backend: gfxstream
INFO         | Found systemPath C:\Users\Admin\AppData\Local\Android\Sdk\system-images\android-37.2\google_apis_playstore_ps16k\x86_64\
INFO         | Guest usage of host flag 'VulkanVirtualQueue' will be ignored.
INFO         | Increasing RAM size to 4096MB
INFO         | IPv4 server found: 8.8.8.8
INFO         | Ignore IPv6 address: 70f7:95ce:6502:0:70f7:95ce:6502:0
INFO         | Ignore IPv6 address: 70f7:95ce:6502:0:70f7:95ce:6502:0
INFO         | Ignore IPv6 address: 70f7:95ce:6502:0:70f7:95ce:6502:0
INFO         | Ignore IPv6 address: 68fd:95ce:6502:0:70f7:95ce:6502:0
INFO         | Ignore IPv6 address: 68fd:95ce:6502:0:70f7:95ce:6502:0
INFO         | Ignore IPv6 address: 68fd:95ce:6502:0:70f7:95ce:6502:0
INFO         | Ignore IPv6 address: 8003:96ce:6502:0:70f7:95ce:6502:0
INFO         | Ignore IPv6 address: 8003:96ce:6502:0:70f7:95ce:6502:0
INFO         | Ignore IPv6 address: 8003:96ce:6502:0:70f7:95ce:6502:0
INFO         | Ignore IPv6 address: 2811:96ce:6502:0:70f7:95ce:6502:0
INFO         | Ignore IPv6 address: 2811:96ce:6502:0:70f7:95ce:6502:0
INFO         | Ignore IPv6 address: 2811:96ce:6502:0:70f7:95ce:6502:0
INFO         | Guest GLES Driver: Auto (ext controls)
INFO         | emuglConfig_get_vulkan_hardware_gpu_support_info: Found physical GPU 'Intel(R) Iris(R) Xe Graphics', type: VK_PHYSICAL_DEVICE_TYPE_INTEGRATED_GPU, apiVersion: 1.4.323, driverVersion: 0.405.2989

INFO         | emuglConfig_init: vulkan_mode_selected:host gles_mode_selected:host
INFO         | Checking system compatibility:
INFO         |   Checking: hasCompatibleHypervisor
INFO         |      Ok: Hypervisor compatibility to run avd: `Pixel_7` are met
INFO         |   Checking: hasSufficientSystem
INFO         |      Warning: Suggested minimum system RAM to run avd 'Pixel_7' is 16384 MiB (available: 7847 MiB)
INFO         |   Checking: hasSufficientHwGpu
INFO         |      Ok: Hardware GPU requirements to run avd: `Pixel_7` are passed
INFO         |   Checking: hasSufficientDiskSpace
INFO         |      Ok: Disk space requirements to run avd: `Pixel_7` are met
USER_WARNING | Suggested minimum system RAM to run avd 'Pixel_7' is 16384 MiB (available: 7847 MiB).
INFO         | Critical: Failed to load opengl32sw (The specified module could not be found.) (:0, )
INFO         | Warning: Software OpenGL failed. Falling back to system OpenGL. (:0, )
INFO         | Storing crashdata in: C:\Users\Admin\AppData\Local\Temp\\AndroidEmulator\emu-crash-37.1.11.db, detection is enabled for process: 12976
INFO         | Initializing gfxstream backend
INFO         | startOpenglesRendererImpl: gpu info
INFO         | GPU #1
  Make: 8086
  Model: Intel(R) Iris(R) Xe Graphics
  Device ID: 9a49

INFO         | Vulkan 1.4 is not supported for the guest and won't be enabled
INFO         | Disabling implicit Vulkan layers to avoid compatibility issues. Set VK_LOADER_LAYERS_DISABLE manually to disable this behavior.
INFO         | SharedLibrary::open for [C:\Users\Admin\AppData\Local\Android\Sdk\emulator\qemu\windows-x86_64\lib64\vulkan\vulkan-1.dll]
INFO         | SharedLibrary::open for [C:\Users\Admin\AppData\Local\Android\Sdk\emulator\lib64\vulkan\vulkan-1.dll]
INFO         | Added library: C:\Users\Admin\AppData\Local\Android\Sdk\emulator\lib64\vulkan\vulkan-1.dll
INFO         | Selecting Vulkan device: Intel(R) Iris(R) Xe Graphics, Version: 1.4.323
INFO         | Using Vulkan externalMemoryMode: OpaqueWin32 for VkEmulation
INFO         | Initializing VkEmulation features:
INFO         |     glInteropSupported: false
INFO         |     useDeferredCommands: true
INFO         |     createResourceWithRequirements: true
INFO         |     useVulkanComposition: false
INFO         |     useVulkanNativeSwapchain: false
INFO         |     enable guestRenderDoc: false
INFO         |     ASTC LDR emulation mode: Gpu
INFO         |     enable ETC2 emulation: true
INFO         |     enable Ycbcr emulation: false
INFO         |     guestVulkanOnly: false
INFO         |     useDedicatedAllocations: false
INFO         |     guestVulkanMaxApiVersion: 1.3.0
INFO         |     enableProtectedMemoryEmulation: false
INFO         | Graphics Adapter Vendor Google (Intel)
INFO         | Graphics Adapter Android Emulator OpenGL ES Translator (Intel(R) Iris(R) Xe Graphics)
INFO         | Graphics API Version OpenGL ES 3.0 (4.5.0 - Build 32.0.101.7085)
INFO         | Graphics API Extensions GL_OES_EGL_sync GL_OES_EGL_image GL_OES_EGL_image_external GL_OES_depth24 GL_OES_depth32 GL_OES_element_index_uint GL_OES_texture_float GL_OES_texture_float_linear GL_OES_compressed_paletted_texture GL_OES_compressed_ETC1_RGB8_texture GL_OES_depth_texture GL_OES_texture_half_float GL_OES_texture_half_float_linear GL_OES_packed_depth_stencil GL_OES_vertex_half_float GL_OES_texture_npot GL_OES_rgb8_rgba8 GL_EXT_color_buffer_float GL_EXT_color_buffer_half_float GL_EXT_texture_format_BGRA8888 GL_APPLE_texture_format_BGRA8888 
INFO         | Graphics Device Extensions N/A
INFO         | Disabling sparse binding feature support
INFO         | Sending adb public key [QAAAAPshniLNPiwsWuWGojOTOOFm6Byt+V665ikpsNM04UgKCOXqywE00RxeVdFKMyZJKYQy5TiZ8c6pewfQshnFbSwF50HijiEIaazJ8in1ZyjzcW73hGmkH5TDHgSH0ugeEI7yDJ9dctbjvGGOXLnyFcDrJgpGClDpxlek8+Q2KR/LtckNJel8Sl3NzuOPnsYI+B3Xeh8VuJ3h4F19kdqeeh6m54t3Q04q8LdFiytSqyC7at1j46B7fZL323QPWA/41yG+ZGpFtJX8xdjEmCbyRglqyC+LWH3vxIllq1yiXxIplq1N3cA60EIWEOUO4rdd+v1mmAOV8xRTbRtHLmWs1qTnvVe5it8vEtel3+MdlKGKIUQk8WnyKwfV3q4bFxCsvwvm81k9raRH1eXeKOeDZiKgK79jSVj376IP4smxBbTyfyzw7j2GPgDYYyUYPopbD18/EMJWFMIVTlN5SBGg5RlTinM1q0x5Na4vNPvAPGzFdZ4bGFM64rYtPxzC2xQJKo6cSRFW/lSeqJA09yWj/b8kR44udCDpORxybFwDOdJ3OcP4t0ZkX31ExNwSumzD/L0bqoCnv9GQpKrND5tQGXx2biit0GX+luWqUb/ghAiDfsIkqoLBLiZdIrdf6+aMR7h4CNhncHyV1CCEHatNI3d9FNobmL1wat4I7jYjuGGjc2vJQQEAAQA= @unknown]
INFO         | Userspace boot properties:
INFO         |   androidboot.boot_devices=pci0000:00/0000:00:03.0 pci0000:00/0000:00:06.0
INFO         |   androidboot.dalvik.vm.heapsize=576m
INFO         |   androidboot.debug.hwui.renderer=skiagl
INFO         |   androidboot.debug.sf.nobootanimation=1
INFO         |   androidboot.hardware=ranchu
INFO         |   androidboot.hardware.gltransport=pipe
INFO         |   androidboot.hardware.vulkan=ranchu
INFO         |   androidboot.logcat=*:V
INFO         |   androidboot.opengles.version=196608
INFO         |   androidboot.qemu=1
INFO         |   androidboot.qemu.adb.pubkey=QAAAAPshniLNPiwsWuWGojOTOOFm6Byt+V665ikpsNM04UgKCOXqywE00RxeVdFKMyZJKYQy5TiZ8c6pewfQshnFbSwF50HijiEIaazJ8in1ZyjzcW73hGmkH5TDHgSH0ugeEI7yDJ9dctbjvGGOXLnyFcDrJgpGClDpxlek8+Q2KR/LtckNJel8Sl3NzuOPnsYI+B3Xeh8VuJ3h4F19kdqeeh6m54t3Q04q8LdFiytSqyC7at1j46B7fZL323QPWA/41yG+ZGpFtJX8xdjEmCbyRglqyC+LWH3vxIllq1yiXxIplq1N3cA60EIWEOUO4rdd+v1mmAOV8xRTbRtHLmWs1qTnvVe5it8vEtel3+MdlKGKIUQk8WnyKwfV3q4bFxCsvwvm81k9raRH1eXeKOeDZiKgK79jSVj376IP4smxBbTyfyzw7j2GPgDYYyUYPopbD18/EMJWFMIVTlN5SBGg5RlTinM1q0x5Na4vNPvAPGzFdZ4bGFM64rYtPxzC2xQJKo6cSRFW/lSeqJA09yWj/b8kR44udCDpORxybFwDOdJ3OcP4t0ZkX31ExNwSumzD/L0bqoCnv9GQpKrND5tQGXx2biit0GX+luWqUb/ghAiDfsIkqoLBLiZdIrdf6+aMR7h4CNhncHyV1CCEHatNI3d9FNobmL1wat4I7jYjuGGjc2vJQQEAAQA= @unknown
INFO         |   androidboot.qemu.avd_name=Pixel_7
INFO         |   androidboot.qemu.camera_hq_edge_processing=0
INFO         |   androidboot.qemu.camera_protocol_ver=1
INFO         |   androidboot.qemu.cpuvulkan.version=4210688
INFO         |   androidboot.qemu.gltransport.drawFlushInterval=800
INFO         |   androidboot.qemu.gltransport.name=pipe
INFO         |   androidboot.qemu.hwcodec.avcdec=2
INFO         |   androidboot.qemu.hwcodec.hevcdec=2
INFO         |   androidboot.qemu.hwcodec.vpxdec=2
INFO         |   androidboot.qemu.settings.system.screen_off_timeout=2147483647
INFO         |   androidboot.qemu.skin=pixel_7
INFO         |   androidboot.qemu.virtiowifi=1
INFO         |   androidboot.qemu.vsync=60
INFO         |   androidboot.serialno=EMULATOR37X1X11X0
INFO         |   androidboot.vbmeta.digest=2772b6de0284316122ffa1743bfa7958e65a191b2b8e1c89e4acd58c3de80a27
INFO         |   androidboot.vbmeta.hash_alg=sha256
INFO         |   androidboot.vbmeta.size=6784
INFO         |   androidboot.veritymode=enforcing
WHPX on Windows 10.0.26200 detected.
Windows Hypervisor Platform accelerator is operational
netsimd I 10-01 12:21:25.808 external/netsim+/rust/daemon/src\rust_main.rs:93 - netsim artifacts path: "C:\\Users\\Admin\\AppData\\Local\\Temp\\netsimd"
netsimd I 10-01 12:21:25.808 external/netsim+/rust/daemon/src\rust_main.rs:96 - NetsimdArgs {
    fd_startup_str: None,
    no_cli_ui: true,
    no_web_ui: true,
    pcap: false,
    disable_address_reuse: false,
    hci_port: None,
    connector_instance: None,
    instance: None,
    logtostderr: false,
    dev: false,
    forward_host_mdns: false,
    vsock: None,
    config: None,
    host_dns: Some(
        "8.8.8.8",
    ),
    http_proxy: None,
    wifi_tap: None,
    wifi: None,
    test_beacons: false,
    no_test_beacons: false,
    no_shutdown: false,
    verbose: false,
    version: false,
    debug: DebugArgs {
        debug_no_traffic: false,
        debug_no_network: false,
        debug_no_wmedium: false,
        debug_no_mdns_wmedium: false,
        debug_no_guest_to_host_mdns: false,
    },
    rssi: None,
}
INFO         | Monitoring duration of emulator setup.
WARNING      | The emulator now requires a signed jwt token for gRPC access! Use the -grpc flag if you really want an open unprotected grpc port
INFO         | Using security allow list from: C:\Users\Admin\AppData\Local\Android\Sdk\emulator\lib\emulator_access.json
INFO         | The active JSON Web Key Sets can be found here: C:\Users\Admin\AppData\Local\Temp\avd\running\12976\jwks\90bc8709-2249-4259-918d-db2840244d31\active.jwk
INFO         | Scanning C:\Users\Admin\AppData\Local\Temp\avd\running\12976\jwks\90bc8709-2249-4259-918d-db2840244d31 for jwk keys.
INFO         | Started GRPC server at 127.0.0.1:8554, security: Local, auth: +token
INFO         | Advertising in: C:\Users\Admin\AppData\Local\Temp\avd\running\pid_12976.ini
INFO         | Activated packet streamer for bluetooth emulation
INFO         | Successfully initialized netsim WiFi
INFO         | Activated packet streamer for uwb emulation
INFO         | Setting display: 0 configuration to: 1080x2400, dpi: 420x420 
INFO         | setDisplayActiveConfig: id:0, 1080x2400
INFO         | Checking system compatibility:
INFO         |   Checking: hasCompatibleHypervisor
INFO         |      Ok: Hypervisor compatibility to run avd: `Pixel_7` are met
INFO         |   Checking: hasSufficientSystem
INFO         |      Warning: Suggested minimum system RAM to run avd 'Pixel_7' is 16384 MiB (available: 7847 MiB)
INFO         |   Checking: hasSufficientHwGpu
INFO         |      Ok: Hardware GPU requirements to run avd: `Pixel_7` are passed
INFO         |   Checking: hasSufficientDiskSpace
INFO         |      Ok: Disk space requirements to run avd: `Pixel_7` are met
WARNING      | getEnvironmentConfig: No environment config is provided
INFO         | getEnvironmentConfig: Using default virtual scene mode for the environment.
INFO         | getEnvironmentConfig: Using default configuration for mode mesh3d for the environment.
INFO         | Initializing a scene with mode: mesh3d, argument: Toren1BD.obj
INFO         | Loading snapshot 'default_boot'...
INFO         | GPU Vendor=[Google (Intel)]
INFO         | GPU Renderer=[Android Emulator OpenGL ES Translator (Intel(R) Iris(R) Xe Graphics)]
INFO         | GPU Version=[OpenGL ES 3.0 (4.5.0 - Build 32.0.101.7085)]
WARNING      | Error -1 from the snapshot callback

WARNING      | Failed to load snapshot 'default_boot'
INFO         | Warning: QMetaObject::connectSlotsByName: No matching signal for on_rgbcSensorValueWidget_valueChanged() (:0, )
INFO         | Warning: QMetaObject::connectSlotsByName: No matching signal for on_posture_valueChanged(int) (:0, )
INFO         | TouchpadHolder: registering via hw_xr_led agent for instance=0000026582E1CEC0
INFO         | Warning: QObject::connect: Cannot queue arguments of type 'std::vector<android::emulation::control::SnapshotInfo>'
(Make sure 'std::vector<android::emulation::control::SnapshotInfo>' is registered using qRegisterMetaType().) (:0, )
INFO         | AVD supportsNativeGLES=1, supportsGuestAngle=1
INFO         | Guest Angle is still unstable for API > 35.
INFO         | Created extended window in 341.218ms
WARNING      | adb command 'C:\Users\Admin\AppData\Local\Android\Sdk\platform-tools\adb.exe -s emulator-5554 shell getprop sys.boot_completed ' failed: 'adb.exe: device offline'
WARNING      | adb command 'C:\Users\Admin\AppData\Local\Android\Sdk\platform-tools\adb.exe -s emulator-5554 shell getprop sys.boot_completed ' failed: 'adb.exe: device offline'
INFO         | Boot completed in 42181 ms
INFO         | Increasing screen off timeout, logcat buffer size to 2M.
INFO         | IPv4 server found: 8.8.8.8
INFO         | Ignore IPv6 address: 22:72ba:6502:0:22:72ba:6502:0
INFO         | Ignore IPv6 address: 22:72ba:6502:0:22:72ba:6502:0
INFO         | Ignore IPv6 address: 22:72ba:6502:0:22:72ba:6502:0
INFO         | Ignore IPv6 address: f827:72ba:6502:0:22:72ba:6502:0
INFO         | Ignore IPv6 address: f827:72ba:6502:0:22:72ba:6502:0
INFO         | Ignore IPv6 address: f827:72ba:6502:0:22:72ba:6502:0
INFO         | Ignore IPv6 address: 102e:72ba:6502:0:22:72ba:6502:0
INFO         | Ignore IPv6 address: 102e:72ba:6502:0:22:72ba:6502:0
INFO         | Ignore IPv6 address: 102e:72ba:6502:0:22:72ba:6502:0
INFO         | Ignore IPv6 address: b83b:72ba:6502:0:22:72ba:6502:0
INFO         | Ignore IPv6 address: b83b:72ba:6502:0:22:72ba:6502:0
INFO         | Ignore IPv6 address: b83b:72ba:6502:0:22:72ba:6502:0
INFO         | IPv4 server found: 8.8.8.8
INFO         | Ignore IPv6 address: 22:72ba:6502:0:22:72ba:6502:0
INFO         | Ignore IPv6 address: 22:72ba:6502:0:22:72ba:6502:0
INFO         | Ignore IPv6 address: 22:72ba:6502:0:22:72ba:6502:0
INFO         | Ignore IPv6 address: f827:72ba:6502:0:22:72ba:6502:0
INFO         | Ignore IPv6 address: f827:72ba:6502:0:22:72ba:6502:0
INFO         | Ignore IPv6 address: f827:72ba:6502:0:22:72ba:6502:0
INFO         | Ignore IPv6 address: 102e:72ba:6502:0:22:72ba:6502:0
INFO         | Ignore IPv6 address: 102e:72ba:6502:0:22:72ba:6502:0
INFO         | Ignore IPv6 address: 102e:72ba:6502:0:22:72ba:6502:0
INFO         | Ignore IPv6 address: b83b:72ba:6502:0:22:72ba:6502:0
INFO         | Ignore IPv6 address: b83b:72ba:6502:0:22:72ba:6502:0
INFO         | Ignore IPv6 address: b83b:72ba:6502:0:22:72ba:6502:0
INFO         | IPv4 server found: 8.8.8.8
INFO         | Ignore IPv6 address: 22:72ba:6502:0:22:72ba:6502:0
INFO         | Ignore IPv6 address: 22:72ba:6502:0:22:72ba:6502:0
INFO         | Ignore IPv6 address: 22:72ba:6502:0:22:72ba:6502:0
INFO         | Ignore IPv6 address: f827:72ba:6502:0:22:72ba:6502:0
INFO         | Ignore IPv6 address: f827:72ba:6502:0:22:72ba:6502:0
INFO         | Ignore IPv6 address: f827:72ba:6502:0:22:72ba:6502:0
INFO         | Ignore IPv6 address: 102e:72ba:6502:0:22:72ba:6502:0
INFO         | Ignore IPv6 address: 102e:72ba:6502:0:22:72ba:6502:0
INFO         | Ignore IPv6 address: 102e:72ba:6502:0:22:72ba:6502:0
INFO         | Ignore IPv6 address: b83b:72ba:6502:0:22:72ba:6502:0
INFO         | Ignore IPv6 address: b83b:72ba:6502:0:22:72ba:6502:0
INFO         | Ignore IPv6 address: b83b:72ba:6502:0:22:72ba:6502:0
INFO         | Wait for emulator (pid 12976) 20 seconds to shutdown gracefully before kill;you can set environment variable ANDROID_EMULATOR_WAIT_TIME_BEFORE_KILL(in seconds) to change the default value (20 seconds)

WARNING      | Not saving state: RAM not mapped as shared
INFO         | Saving snapshot 'default_boot' using 7 ms
pc_memory_init: above 4g size: 40000000
INFO         | removeScene: scene=0x265e6dc33d0
INFO         | removeAll
WARNING      | Netsim Wifi dns:///localhost:62626 is gone due to Stream removed (CANCELLED)
